<html>
<body>
<pre>
<h1>µVision Build Log</h1>
<h2>Tool Versions:</h2>
IDE-Version: µVision V5.21.1.0
Copyright (C) 2016 ARM Ltd and ARM Germany GmbH. All rights reserved.
License Information: Shavira Aisyah, PENS, LIC=----
 
Tool Versions:
Toolchain:       MDK-Lite  Version: 5.21a
Toolchain Path:  C:\Keil_v5\ARM\ARMCC\Bin
C Compiler:      Armcc.exe V5.06 update 3 (build 300)
Assembler:       Armasm.exe V5.06 update 3 (build 300)
Linker/Locator:  ArmLink.exe V5.06 update 3 (build 300)
Library Manager: ArmAr.exe V5.06 update 3 (build 300)
Hex Converter:   FromElf.exe V5.06 update 3 (build 300)
CPU DLL:         SARMCM3.DLL V5.21a
Dialog DLL:      DCM.DLL V1.13.8.0
Target DLL:      STLink\ST-LINKIII-KEIL_SWO.dll V2.0.18.0
Dialog DLL:      TCM.DLL V1.14.14.0
 
<h2>Project:</h2>
C:\Users\SHAVIRAAY\Documents\TA D4LJ\HARDWARE\Program flc1\MDK-ARM\PROGRAM VIRA.uvprojx
Project File Date:  06/23/2022

<h2>Output:</h2>
*** Using Compiler 'V5.06 update 3 (build 300)', folder: 'C:\Keil_v5\ARM\ARMCC\Bin'
Build target 'PROGRAM VIRA'
compiling main.c...
../Src/main.c(147): warning:  #1035-D: single-precision operand implicitly converted to double-precision
  				Vin = (0.0042*A1) - 0.21;											   		 	
../Src/main.c(157): warning:  #1035-D: single-precision operand implicitly converted to double-precision
  				Vout = (0.0036*A3) - 0.1692;
../Src/main.c(166): warning:  #1035-D: single-precision operand implicitly converted to double-precision
  				Iin = (0.0125*A4) - 25.39;
../Src/main.c(175): warning:  #1035-D: single-precision operand implicitly converted to double-precision
  				Iout = (0.0152*A2 - 30.6);													  /*Rumus untuk mendapatkan Iout*/
../Src/main.c: 4 warnings, 0 errors
linking...
Program Size: Code=18566 RO-data=458 RW-data=376 ZI-data=19024  
FromELF: creating hex file...
"PROGRAM VIRA\PROGRAM VIRA.axf" - 0 Error(s), 4 Warning(s).

<h2>Software Packages used:</h2>

Package Vendor: ARM
                http://www.keil.com/pack/ARM.CMSIS.4.5.0.pack
                ARM::CMSIS:CORE:4.3.0
                CMSIS (Cortex Microcontroller Software Interface Standard)
   * Component: CORE Version: 4.3.0

<h2>Collection of Component include folders:</h2>
  C:\Users\SHAVIRAAY\Documents\TA D4LJ\HARDWARE\Program flc1\MDK-ARM\RTE
  C:\Keil_v5\ARM\PACK\ARM\CMSIS\4.5.0\CMSIS\Include
  C:\Keil_v5\ARM\PACK\Keil\STM32F4xx_DFP\2.14.0\Drivers\CMSIS\Device\ST\STM32F4xx\Include

<h2>Collection of Component Files used:</h2>

   * Component: ARM::CMSIS:CORE:4.3.0
Build Time Elapsed:  00:00:02
</pre>
</body>
</html>
